[promiseonvina.com/index.html]
[backblue.gif]
[fade.gif]
[index.html]
[promiseonvina.com/remote-login4f98.html]
[promiseonvina.com/wp-content/plugins/gutenberg-core/v23.8.0/build/styles/block-library/navigation/style.mina76d.css]
[promiseonvina.com/wp-content/plugins/gutenberg-core/v23.8.0/build/styles/block-library/cover/style.mina76d.css]
[promiseonvina.com/feed/index.html]
[promiseonvina.com/wp-content/js/rlt-proxye978.js]
[promiseonvina.com/osd.xml]
[promiseonvina.com/wp-content/uploads/2024/03/cropped-promiseon_smile76ca.png]
[promiseonvina.com/_static/index6415.html]
[promiseonvina.com/comments/feed/index.html]
[promiseonvina.com/wp-content/uploads/2024/03/cropped-promiseon_smile9939.png]
[promiseonvina.com/_static/index154e.html]
[promiseonvina.com/wp-content/uploads/2024/03/cropped-promiseon_smilead83.png]
[promiseonvina.com/wp-content/uploads/2024/03/vn-e1710811639778.png]
[promiseonvina.com/wp-content/uploads/2024/03/kr-e1710811658110.png]
[promiseonvina.com/main_page_kr/index.html]
[promiseonvina.com/main_page_en/index.html]
[promiseonvina.com/wp-content/uploads/2024/03/gb-e1710811672577.png]
[promiseonvina.com/wp-content/uploads/2024/03/mg_4647-e1710587906850.jpg]
[promiseonvina.com/introduction/index.html]
[promiseonvina.com/select_promiseon/index.html]
[promiseonvina.com/contact/index.html]
[promiseonvina.com/wp-content/uploads/2024/04/mg_48782dff.jpg]
[promiseonvina.com/wp-content/uploads/2024/03/img_3617-e1710600832804.jpg]
[promiseonvina.com/wp-content/uploads/2024/03/img_0390-e17106009304450011.jpg]
[promiseonvina.com/wp-content/uploads/2024/03/f165cba4b3f35858567db25e6140cdc42dff.jpg]
[promiseonvina.com/wp-content/uploads/2024/03/img_4702-e1710605657782.jpg]
[promiseonvina.com/wp-content/uploads/2024/03/kakaotalk_20240129_0855469372dff.jpg]
[promiseonvina.com/wp-content/uploads/2024/03/kakaotalk_20240129_085546937_042dff.jpg]
[promiseonvina.com/wp-content/uploads/2024/03/kakaotalk_20240129_085546937_022dff.jpg]
[promiseonvina.com/wp-content/uploads/2024/03/kakaotalk_20240129_085546937_012dff.jpg]
[promiseonvina.com/wp-content/uploads/2024/03/kakaotalk_20240129_085546937_052dff.jpg]
[promiseonvina.com/wp-content/uploads/2024/03/kakaotalk_20240129_085546937_102dff.jpg]
[promiseonvina.com/wp-content/uploads/2024/03/kakaotalk_20240311_090203014_011-e1710737009105-edited.jpg]
[promiseonvina.com/wp-content/uploads/2024/03/kakaotalk_20240311_090203014_171-e1710737126439-edited.jpg]
[promiseonvina.com/wp-content/uploads/2024/03/kakaotalk_20240311_090203014_111-e1710737250386-edited.jpg]
[promiseonvina.com/wp-content/uploads/2024/03/mg_4831-1-edited.jpg]
[promiseonvina.com/wp-content/uploads/2024/03/zalo-logo-1-e1710813558261.png]
[promiseonvina.com/wp-content/uploads/2024/03/pngwing.com_-e1710631750965.png]
[promiseonvina.com/wp-content/uploads/2024/03/pngwing.com-1-e1710631737783.png]
[0.gravatar.com/js/hovercards/hovercards.min1c86.js]
[promiseonvina.com/wp-content/mu-plugins/gravatar-hovercards/wpgrohoe8bd.js]
[promiseonvina.com/wp-content/uploads/2024/03/cropped-promiseon_smileae05.png]
[promiseonvina.com/wp-content/mu-plugins/actionbar/actionbar3d0f.css]
[promiseonvina.com/wp-content/mu-plugins/actionbar/actionbarb20e.js]
[stats.wp.com/w14bf.js]
[promiseonvina.com/_static/index2db1.html]
[pixel.wp.com/b0b80.gif]
[promiseonvina.com/index.html]
[promiseonvina.com/remote-login4f98.html]
[promiseonvina.com/wp-content/plugins/gutenberg-core/v23.8.0/build/styles/block-library/navigation/style.mina76d.css]
[promiseonvina.com/wp-content/plugins/gutenberg-core/v23.8.0/build/styles/block-library/cover/style.mina76d.css]
[promiseonvina.com/_static/index6415.html]
[promiseonvina.com/_static/indexd02a.html]
[promiseonvina.com/_static/index154e.html]
[promiseonvina.com/wp-content/themes/h4/globalf753.css]
[promiseonvina.com/wp-content/js/bilmur.min4c49.js]
[promiseonvina.com/wp-content/mu-plugins/jetpack-plugin/sun/modules/related-posts/related-postsc3ba.css]
[promiseonvina.com/wp-content/plugins/gutenberg-core/v23.7.2/build/styles/block-library/cover/style.min9712.css]
[promiseonvina.com/_static/index5ce7.html]
[promiseonvina.com/wp-content/uploads/2024/04/mg_4878.jpg]
[promiseonvina.com/_static/index7bad.html]
[promiseonvina.com/introduction_kr/index.html]
[promiseonvina.com/select_promiseon_kr/index.html]
[promiseonvina.com/wp-content/uploads/2024/03/img_0390-e1710600930445.jpg]
[promiseonvina.com/contract_kr/index.html]
[promiseonvina.com/wp-content/uploads/2024/03/f165cba4b3f35858567db25e6140cdc4.jpg]
[promiseonvina.com/wp-content/uploads/2024/03/img_4702-e17106056577822dff.jpg]
[0.gravatar.com/js/hovercards/hovercards.minea2b.js]
[promiseonvina.com/main_page_kr/index.html]
[promiseonvina.com/main_page_en/index.html]
[promiseonvina.com/wp-content/js/bilmur.minedd0.js]
[promiseonvina.com/_static/indexcd89.html]
[promiseonvina.com/select_promiseon_en/index.html]
[promiseonvina.com/wp-content/plugins/gutenberg-core/v23.7.2/build/styles/block-library/navigation/style.min9712.css]
[promiseonvina.com/contract_en/index.html]
[promiseonvina.com/introduction_en/index.html]
[promiseonvina.com/wp-content/uploads/2024/03/mg_4593-edited-1.jpg]
[promiseonvina.com/wp-content/uploads/2024/03/mg_4641-edited.jpg]
[promiseonvina.com/introduction/index.html]
[promiseonvina.com/select_promiseon/index.html]
[promiseonvina.com/wp-content/mu-plugins/comment-likes/js/comment-likes9835.js]
[promiseonvina.com/wp-content/mu-plugins/jetpack-plugin/sun/jetpack_vendor/automattic/jetpack-forms/dist/modules/form/view8e36.js]
[promiseonvina.com/_static/index9c08.html]
[promiseonvina.com/wp-content/plugins/gutenberg-core/v23.7.2/build/modules/interactivity/index.min0ac0.js]
[promiseonvina.com/contact/!context.image.src]
[promiseonvina.com/contact/context.image.src]
[promiseonvina.com/wp-includes/js/dist/vendor/wp-polyfill.min5d5a.js]
[promiseonvina.com/wp-content/plugins/gutenberg-core/v23.7.2/build/scripts/hooks/index.min40d3.js]
[promiseonvina.com/wp-content/plugins/gutenberg-core/v23.7.2/build/scripts/i18n/index.minefb0.js]
[promiseonvina.com/contact/index.html]
[promiseonvina.com/wp-content/mu-plugins/actionbar/actionbar3d0f.css]
[promiseonvina.com/wp-content/mu-plugins/jetpack-plugin/sun/modules/related-posts/related-postsc3ba.css]
[promiseonvina.com/wp-content/plugins/gutenberg-core/v23.7.2/build/styles/block-library/cover/style.min9712.css]
[promiseonvina.com/_static/index5ce7.html]
[promiseonvina.com/wp-content/mu-plugins/jetpack-plugin/sun/jetpack_vendor/automattic/jetpack-forms/dist/blocks/viewb155.js]
[promiseonvina.com/i/noticons/Noticonsd41d.eot]
[promiseonvina.com/i/noticons/Noticons.ttf]
[promiseonvina.com/_static/index7bad.html]
[promiseonvina.com/introduction_kr/index.html]
[promiseonvina.com/select_promiseon_kr/index.html]
[promiseonvina.com/i/noticons/Noticons.svg]
[promiseonvina.com/wp-content/mu-plugins/jetpack-plugin/sun/jetpack_vendor/automattic/jetpack-forms/dist/modules/form/view22d5.js]
[promiseonvina.com/_static/index4f15.html]
[promiseonvina.com/wp-content/plugins/gutenberg-core/v23.8.0/build/modules/interactivity/index.min3016.js]
[promiseonvina.com/contract_kr/!context.image.src]
[promiseonvina.com/contract_kr/context.image.src]
[promiseonvina.com/wp-content/plugins/gutenberg-core/v23.8.0/build/scripts/hooks/index.min9eda.js]
[promiseonvina.com/contract_kr/index.html]
[promiseonvina.com/introduction_en/index.html]
[promiseonvina.com/select_promiseon_en/index.html]
[promiseonvina.com/wp-content/plugins/gutenberg-core/v23.8.0/build/scripts/i18n/index.min50fc.js]
[promiseonvina.com/contract_en/!context.image.src]
[promiseonvina.com/contract_en/context.image.src]
[promiseonvina.com/contract_en/index.html]
[promiseonvina.com/wp-content/plugins/gutenberg-core/v23.7.2/build/styles/block-library/navigation/style.min9712.css]
[promiseonvina.com/_static/index9c08.html]
[promiseonvina.com/contact/!context.image.html]
[promiseonvina.com/contact/context.image.html]
[promiseonvina.com/i/noticons/Noticons.svg]
[promiseonvina.com/_static/index4f15.html]
[promiseonvina.com/contract_kr/!context.image.html]
[promiseonvina.com/contract_kr/context.image.html]
[promiseonvina.com/contract_en/!context.image.html]
[promiseonvina.com/contract_en/context.image.html]
